// Jest Snapshot v1, https://goo.gl/fbAQLP

exports[`TodoItemModal renders TodoItemModal component 1`] = `null`;
